Nothing to build in platform 'test_proj_plat'

19:30:16 **** Incremental Build of configuration Debug for project test_proj_pulse_ctrl ****
make all 
'Building file: ../drivers/uart.c'
'Invoking: ARM v8 gcc compiler'
aarch64-none-elf-gcc -Wall -O0 -g3 -c -fmessage-length=0 -MT"drivers/uart.o" -IC:/James/vitis_workspace/test_proj_plat/export/test_proj_plat/sw/test_proj_plat/standalone_domain/bspinclude/include -MMD -MP -MF"drivers/uart.d" -MT"drivers/uart.o" -o "drivers/uart.o" "../drivers/uart.c"
'Finished building: ../drivers/uart.c'
' '
'Building target: test_proj_pulse_ctrl.elf'
'Invoking: ARM v8 gcc linker'
aarch64-none-elf-gcc -Wl,-T -Wl,../src/lscript.ld -LC:/James/vitis_workspace/test_proj_plat/export/test_proj_plat/sw/test_proj_plat/standalone_domain/bsplib/lib -o "test_proj_pulse_ctrl.elf"  ./src/helloworld.o ./src/platform.o  ./drivers/uart.o   -Wl,--start-group,-lxil,-lgcc,-lc,--end-group -Wl,--start-group,-lxil,-llwip4,-lgcc,-lc,--end-group
'Finished building target: test_proj_pulse_ctrl.elf'
' '
'Invoking: ARM v8 Print Size'
aarch64-none-elf-size test_proj_pulse_ctrl.elf  |tee "test_proj_pulse_ctrl.elf.size"
   text	   data	    bss	    dec	    hex	filename
  42004	   5240	  21868	  69112	  10df8	test_proj_pulse_ctrl.elf
'Finished building: test_proj_pulse_ctrl.elf.size'
' '
19:30:18 **** Incremental Build of configuration Debug for project test_proj_pulse_ctrl_system ****
make all 
Generating bif file for the system project
generate_system_bif.bat 49815 C:/James/vitis_workspace/test_proj_plat/export/test_proj_plat/test_proj_plat.xpfm standalone_domain C:/James/vitis_workspace/test_proj_pulse_ctrl_system/Debug/system.bif
sdcard_gen --xpfm C:/James/vitis_workspace/test_proj_plat/export/test_proj_plat/test_proj_plat.xpfm --sys_config test_proj_plat --bif C:/James/vitis_workspace/test_proj_pulse_ctrl_system/Debug/system.bif --bitstream C:/James/vitis_workspace/test_proj_pulse_ctrl/_ide/bitstream/top_level_block_design_wrapper.bit --elf C:/James/vitis_workspace/test_proj_pulse_ctrl/Debug/test_proj_pulse_ctrl.elf,psu_cortexa53_0
creating BOOT.BIN using C:/James/vitis_workspace/test_proj_pulse_ctrl/_ide/bitstream/top_level_block_design_wrapper.bit
Running C:/Xilinx/Vitis/2020.1/bin/bootgen -arch zynqmp -image C:/James/vitis_workspace/test_proj_pulse_ctrl_system/Debug/sd_card_temp/boot.bif -w -o i BOOT.BIN
