20:44:26 **** Incremental Build of configuration Debug for project test_proj_pulse_ctrl ****
make all 
'Building file: ../drivers/uart.c'
'Invoking: ARM v8 gcc compiler'
aarch64-none-elf-gcc -Wall -O0 -g3 -c -fmessage-length=0 -MT"drivers/uart.o" -IC:/James/vitis_workspace/test_proj_plat/export/test_proj_plat/sw/test_proj_plat/standalone_domain/bspinclude/include -MMD -MP -MF"drivers/uart.d" -MT"drivers/uart.o" -o "drivers/uart.o" "../drivers/uart.c"
'Finished building: ../drivers/uart.c'
' '
'Building target: test_proj_pulse_ctrl.elf'
'Invoking: ARM v8 gcc linker'
aarch64-none-elf-gcc -Wl,-T -Wl,../src/lscript.ld -LC:/James/vitis_workspace/test_proj_plat/export/test_proj_plat/sw/test_proj_plat/standalone_domain/bsplib/lib -o "test_proj_pulse_ctrl.elf"  ./src/helloworld.o ./src/platform.o  ./drivers/uart.o   -Wl,--start-group,-lxil,-lgcc,-lc,--end-group -Wl,--start-group,-lxil,-llwip4,-lgcc,-lc,--end-group
'Finished building target: test_proj_pulse_ctrl.elf'
' '
'Invoking: ARM v8 Print Size'
aarch64-none-elf-size test_proj_pulse_ctrl.elf  |tee "test_proj_pulse_ctrl.elf.size"
   text	   data	    bss	    dec	    hex	filename
  42076	   5240	  21884	  69200	  10e50	test_proj_pulse_ctrl.elf
'Finished building: test_proj_pulse_ctrl.elf.size'
' '

20:44:28 Build Finished (took 1s.470ms)

