20:42:27 **** Build of configuration Debug for project test_proj_ethernet ****
make all 
'Building file: ../src/echo.c'
'Invoking: ARM v8 gcc compiler'
aarch64-none-elf-gcc -Wall -O0 -g3 -c -fmessage-length=0 -MT"src/echo.o" -D __BAREMETAL__ -IC:/James/vitis_workspace/test_proj_plat/export/test_proj_plat/sw/test_proj_plat/standalone_domain/bspinclude/include -MMD -MP -MF"src/echo.d" -MT"src/echo.o" -o "src/echo.o" "../src/echo.c"
'Finished building: ../src/echo.c'
' '
'Building file: ../src/i2c_access.c'
'Invoking: ARM v8 gcc compiler'
aarch64-none-elf-gcc -Wall -O0 -g3 -c -fmessage-length=0 -MT"src/i2c_access.o" -D __BAREMETAL__ -IC:/James/vitis_workspace/test_proj_plat/export/test_proj_plat/sw/test_proj_plat/standalone_domain/bspinclude/include -MMD -MP -MF"src/i2c_access.d" -MT"src/i2c_access.o" -o "src/i2c_access.o" "../src/i2c_access.c"
'Finished building: ../src/i2c_access.c'
' '
'Building file: ../src/iic_phyreset.c'
'Invoking: ARM v8 gcc compiler'
aarch64-none-elf-gcc -Wall -O0 -g3 -c -fmessage-length=0 -MT"src/iic_phyreset.o" -D __BAREMETAL__ -IC:/James/vitis_workspace/test_proj_plat/export/test_proj_plat/sw/test_proj_plat/standalone_domain/bspinclude/include -MMD -MP -MF"src/iic_phyreset.d" -MT"src/iic_phyreset.o" -o "src/iic_phyreset.o" "../src/iic_phyreset.c"
'Finished building: ../src/iic_phyreset.c'
' '
'Building file: ../src/main.c'
'Invoking: ARM v8 gcc compiler'
aarch64-none-elf-gcc -Wall -O0 -g3 -c -fmessage-length=0 -MT"src/main.o" -D __BAREMETAL__ -IC:/James/vitis_workspace/test_proj_plat/export/test_proj_plat/sw/test_proj_plat/standalone_domain/bspinclude/include -MMD -MP -MF"src/main.d" -MT"src/main.o" -o "src/main.o" "../src/main.c"
'Finished building: ../src/main.c'
' '
'Building file: ../src/platform.c'
'Invoking: ARM v8 gcc compiler'
aarch64-none-elf-gcc -Wall -O0 -g3 -c -fmessage-length=0 -MT"src/platform.o" -D __BAREMETAL__ -IC:/James/vitis_workspace/test_proj_plat/export/test_proj_plat/sw/test_proj_plat/standalone_domain/bspinclude/include -MMD -MP -MF"src/platform.d" -MT"src/platform.o" -o "src/platform.o" "../src/platform.c"
'Finished building: ../src/platform.c'
' '
'Building file: ../src/platform_mb.c'
'Invoking: ARM v8 gcc compiler'
aarch64-none-elf-gcc -Wall -O0 -g3 -c -fmessage-length=0 -MT"src/platform_mb.o" -D __BAREMETAL__ -IC:/James/vitis_workspace/test_proj_plat/export/test_proj_plat/sw/test_proj_plat/standalone_domain/bspinclude/include -MMD -MP -MF"src/platform_mb.d" -MT"src/platform_mb.o" -o "src/platform_mb.o" "../src/platform_mb.c"
'Finished building: ../src/platform_mb.c'
' '
'Building file: ../src/platform_ppc.c'
'Invoking: ARM v8 gcc compiler'
aarch64-none-elf-gcc -Wall -O0 -g3 -c -fmessage-length=0 -MT"src/platform_ppc.o" -D __BAREMETAL__ -IC:/James/vitis_workspace/test_proj_plat/export/test_proj_plat/sw/test_proj_plat/standalone_domain/bspinclude/include -MMD -MP -MF"src/platform_ppc.d" -MT"src/platform_ppc.o" -o "src/platform_ppc.o" "../src/platform_ppc.c"
'Finished building: ../src/platform_ppc.c'
' '
'Building file: ../src/platform_zynq.c'
'Invoking: ARM v8 gcc compiler'
aarch64-none-elf-gcc -Wall -O0 -g3 -c -fmessage-length=0 -MT"src/platform_zynq.o" -D __BAREMETAL__ -IC:/James/vitis_workspace/test_proj_plat/export/test_proj_plat/sw/test_proj_plat/standalone_domain/bspinclude/include -MMD -MP -MF"src/platform_zynq.d" -MT"src/platform_zynq.o" -o "src/platform_zynq.o" "../src/platform_zynq.c"
'Finished building: ../src/platform_zynq.c'
' '
'Building file: ../src/platform_zynqmp.c'
'Invoking: ARM v8 gcc compiler'
aarch64-none-elf-gcc -Wall -O0 -g3 -c -fmessage-length=0 -MT"src/platform_zynqmp.o" -D __BAREMETAL__ -IC:/James/vitis_workspace/test_proj_plat/export/test_proj_plat/sw/test_proj_plat/standalone_domain/bspinclude/include -MMD -MP -MF"src/platform_zynqmp.d" -MT"src/platform_zynqmp.o" -o "src/platform_zynqmp.o" "../src/platform_zynqmp.c"
../src/platform_zynqmp.c: In function 'platform_clear_interrupt':
../src/platform_zynqmp.c:137:6: warning: variable 'StatusEvent' set but not used [-Wunused-but-set-variable]
  137 |  u32 StatusEvent;
      |      ^~~~~~~~~~~
'Finished building: ../src/platform_zynqmp.c'
' '
'Building file: ../src/sfp.c'
'Invoking: ARM v8 gcc compiler'
aarch64-none-elf-gcc -Wall -O0 -g3 -c -fmessage-length=0 -MT"src/sfp.o" -D __BAREMETAL__ -IC:/James/vitis_workspace/test_proj_plat/export/test_proj_plat/sw/test_proj_plat/standalone_domain/bspinclude/include -MMD -MP -MF"src/sfp.d" -MT"src/sfp.o" -o "src/sfp.o" "../src/sfp.c"
'Finished building: ../src/sfp.c'
' '
'Building file: ../src/si5324.c'
'Invoking: ARM v8 gcc compiler'
aarch64-none-elf-gcc -Wall -O0 -g3 -c -fmessage-length=0 -MT"src/si5324.o" -D __BAREMETAL__ -IC:/James/vitis_workspace/test_proj_plat/export/test_proj_plat/sw/test_proj_plat/standalone_domain/bspinclude/include -MMD -MP -MF"src/si5324.d" -MT"src/si5324.o" -o "src/si5324.o" "../src/si5324.c"
'Finished building: ../src/si5324.c'
' '
'Building target: test_proj_ethernet.elf'
'Invoking: ARM v8 gcc linker'
aarch64-none-elf-gcc -Wl,-T -Wl,../src/lscript.ld -LC:/James/vitis_workspace/test_proj_plat/export/test_proj_plat/sw/test_proj_plat/standalone_domain/bsplib/lib -o "test_proj_ethernet.elf"  ./src/echo.o ./src/i2c_access.o ./src/iic_phyreset.o ./src/main.o ./src/platform.o ./src/platform_mb.o ./src/platform_ppc.o ./src/platform_zynq.o ./src/platform_zynqmp.o ./src/sfp.o ./src/si5324.o   -Wl,--start-group,-lxil,-lgcc,-lc,--end-group -Wl,--start-group,-lxil,-llwip4,-lgcc,-lc,--end-group -Wl,--start-group,-lxil,-lgcc,-lc,-lmetal,--end-group
'Finished building target: test_proj_ethernet.elf'
' '
'Invoking: ARM v8 Print Size'
aarch64-none-elf-size test_proj_ethernet.elf  |tee "test_proj_ethernet.elf.size"
   text	   data	    bss	    dec	    hex	filename
 121172	   7512	4346132	4474816	 4447c0	test_proj_ethernet.elf
'Finished building: test_proj_ethernet.elf.size'
' '

20:42:33 Build Finished (took 5s.944ms)

