14:07:33 **** Incremental Build of configuration Debug for project test_proj_pulse_ctrl ****
make all 
'Building file: C:/James/c_drivers/drivers/gpio.c'
'Invoking: ARM v8 gcc compiler'
aarch64-none-elf-gcc -Wall -O0 -g3 -I"C:\James\c_drivers\drivers" -I"C:\James\vitis_workspace\test_proj_pulse_ctrl\src" -c -fmessage-length=0 -MT"drivers/gpio.o" -D __BAREMETAL__ -IC:/James/vitis_workspace/test_proj_plat/export/test_proj_plat/sw/test_proj_plat/standalone_domain/bspinclude/include -MMD -MP -MF"drivers/gpio.d" -MT"drivers/gpio.o" -o "drivers/gpio.o" "C:/James/c_drivers/drivers/gpio.c"
'Finished building: C:/James/c_drivers/drivers/gpio.c'
' '
'Building target: test_proj_pulse_ctrl.elf'
'Invoking: ARM v8 gcc linker'
aarch64-none-elf-gcc -L"C:\James\c_drivers\drivers" -Wl,-T -Wl,../src/lscript.ld -LC:/James/vitis_workspace/test_proj_plat/export/test_proj_plat/sw/test_proj_plat/standalone_domain/bsplib/lib -o "test_proj_pulse_ctrl.elf"  ./src/helloworld.o ./src/platform.o  ./drivers/gpio.o ./drivers/test_main.o ./drivers/uart.o   -Wl,--start-group,-lxil,-lgcc,-lc,--end-group -Wl,--start-group,-lxil,-lgcc,-lc,-lmetal,--end-group
'Finished building target: test_proj_pulse_ctrl.elf'
' '
'Invoking: ARM v8 Print Size'
aarch64-none-elf-size test_proj_pulse_ctrl.elf  |tee "test_proj_pulse_ctrl.elf.size"
   text	   data	    bss	    dec	    hex	filename
  43604	   5264	  21900	  70768	  11470	test_proj_pulse_ctrl.elf
'Finished building: test_proj_pulse_ctrl.elf.size'
' '

14:07:35 Build Finished (took 1s.477ms)

