Copyright 1986-2020 Xilinx, Inc. All Rights Reserved.
---------------------------------------------------------------------------------------------------------------------------------------------------------
| Tool Version : Vivado v.2020.1 (win64) Build 2902540 Wed May 27 19:54:49 MDT 2020
| Date         : Thu Aug 27 10:33:09 2020
| Host         : pme10D0025 running 64-bit major release  (build 9200)
| Command      : report_utilization -file top_level_block_design_wrapper_utilization_placed.rpt -pb top_level_block_design_wrapper_utilization_placed.pb
| Design       : top_level_block_design_wrapper
| Device       : xczu28drffvg1517-2
| Design State : Fully Placed
---------------------------------------------------------------------------------------------------------------------------------------------------------

Utilization Design Information

Table of Contents
-----------------
1. CLB Logic
1.1 Summary of Registers by Type
2. CLB Logic Distribution
3. BLOCKRAM
4. ARITHMETIC
5. I/O
6. CLOCK
7. ADVANCED
8. CONFIGURATION
9. Primitives
10. Black Boxes
11. Instantiated Netlists

1. CLB Logic
------------

+----------------------------+------+-------+-----------+-------+
|          Site Type         | Used | Fixed | Available | Util% |
+----------------------------+------+-------+-----------+-------+
| CLB LUTs                   | 8150 |     0 |    425280 |  1.92 |
|   LUT as Logic             | 7580 |     0 |    425280 |  1.78 |
|   LUT as Memory            |  570 |     0 |    213600 |  0.27 |
|     LUT as Distributed RAM |   88 |     0 |           |       |
|     LUT as Shift Register  |  482 |     0 |           |       |
| CLB Registers              | 8325 |     0 |    850560 |  0.98 |
|   Register as Flip Flop    | 8325 |     0 |    850560 |  0.98 |
|   Register as Latch        |    0 |     0 |    850560 |  0.00 |
| CARRY8                     |   99 |     0 |     53160 |  0.19 |
| F7 Muxes                   |   68 |     0 |    212640 |  0.03 |
| F8 Muxes                   |   16 |     0 |    106320 |  0.02 |
| F9 Muxes                   |    0 |     0 |     53160 |  0.00 |
+----------------------------+------+-------+-----------+-------+


1.1 Summary of Registers by Type
--------------------------------

+-------+--------------+-------------+--------------+
| Total | Clock Enable | Synchronous | Asynchronous |
+-------+--------------+-------------+--------------+
| 0     |            _ |           - |            - |
| 0     |            _ |           - |          Set |
| 0     |            _ |           - |        Reset |
| 0     |            _ |         Set |            - |
| 0     |            _ |       Reset |            - |
| 0     |          Yes |           - |            - |
| 92    |          Yes |           - |          Set |
| 733   |          Yes |           - |        Reset |
| 307   |          Yes |         Set |            - |
| 7193  |          Yes |       Reset |            - |
+-------+--------------+-------------+--------------+


2. CLB Logic Distribution
-------------------------

+--------------------------------------------+------+-------+-----------+-------+
|                  Site Type                 | Used | Fixed | Available | Util% |
+--------------------------------------------+------+-------+-----------+-------+
| CLB                                        | 2063 |     0 |     53160 |  3.88 |
|   CLBL                                     | 1033 |     0 |           |       |
|   CLBM                                     | 1030 |     0 |           |       |
| LUT as Logic                               | 7580 |     0 |    425280 |  1.78 |
|   using O5 output only                     |  149 |       |           |       |
|   using O6 output only                     | 5847 |       |           |       |
|   using O5 and O6                          | 1584 |       |           |       |
| LUT as Memory                              |  570 |     0 |    213600 |  0.27 |
|   LUT as Distributed RAM                   |   88 |     0 |           |       |
|     using O5 output only                   |    0 |       |           |       |
|     using O6 output only                   |    0 |       |           |       |
|     using O5 and O6                        |   88 |       |           |       |
|   LUT as Shift Register                    |  482 |     0 |           |       |
|     using O5 output only                   |    0 |       |           |       |
|     using O6 output only                   |   86 |       |           |       |
|     using O5 and O6                        |  396 |       |           |       |
| CLB Registers                              | 8325 |     0 |    850560 |  0.98 |
|   Register driven from within the CLB      | 3881 |       |           |       |
|   Register driven from outside the CLB     | 4444 |       |           |       |
|     LUT in front of the register is unused | 2975 |       |           |       |
|     LUT in front of the register is used   | 1469 |       |           |       |
| Unique Control Sets                        |  405 |       |    106320 |  0.38 |
+--------------------------------------------+------+-------+-----------+-------+
* * Note: Available Control Sets calculated as Slices * 2, Review the Control Sets Report for more information regarding control sets.


3. BLOCKRAM
-----------

+-------------------+------+-------+-----------+-------+
|     Site Type     | Used | Fixed | Available | Util% |
+-------------------+------+-------+-----------+-------+
| Block RAM Tile    |  108 |     0 |      1080 | 10.00 |
|   RAMB36/FIFO*    |  108 |     0 |      1080 | 10.00 |
|     FIFO36E2 only |   33 |       |           |       |
|     RAMB36E2 only |   75 |       |           |       |
|   RAMB18          |    0 |     0 |      2160 |  0.00 |
| URAM              |    0 |     0 |        80 |  0.00 |
+-------------------+------+-------+-----------+-------+
* Note: Each Block RAM Tile only has one FIFO logic available and therefore can accommodate only one FIFO36E2 or one FIFO18E2. However, if a FIFO18E2 occupies a Block RAM Tile, that tile can still accommodate a RAMB18E2


4. ARITHMETIC
-------------

+-----------+------+-------+-----------+-------+
| Site Type | Used | Fixed | Available | Util% |
+-----------+------+-------+-----------+-------+
| DSPs      |    0 |     0 |      4272 |  0.00 |
+-----------+------+-------+-----------+-------+


5. I/O
------

+------------------+------+-------+-----------+-------+
|     Site Type    | Used | Fixed | Available | Util% |
+------------------+------+-------+-----------+-------+
| Bonded IOB       |    3 |     3 |       347 |  0.86 |
| HPIOB_M          |    1 |     1 |       138 |  0.72 |
|   INPUT          |    1 |       |           |       |
|   OUTPUT         |    0 |       |           |       |
|   BIDIR          |    0 |       |           |       |
| HPIOB_S          |    1 |     1 |       138 |  0.72 |
|   INPUT          |    1 |       |           |       |
|   OUTPUT         |    0 |       |           |       |
|   BIDIR          |    0 |       |           |       |
| HDIOB_M          |    0 |     0 |        24 |  0.00 |
| HDIOB_S          |    0 |     0 |        24 |  0.00 |
| HPIOB_SNGL       |    1 |     1 |        23 |  4.35 |
|   INPUT          |    1 |       |           |       |
|   OUTPUT         |    0 |       |           |       |
|   BIDIR          |    0 |       |           |       |
| HPIOBDIFFINBUF   |    1 |     1 |       192 |  0.52 |
|   DIFFINBUF      |    1 |     1 |           |       |
| HPIOBDIFFOUTBUF  |    0 |     0 |       192 |  0.00 |
| HDIOBDIFFINBUF   |    0 |     0 |        72 |  0.00 |
| BITSLICE_CONTROL |    0 |     0 |        64 |  0.00 |
| BITSLICE_RX_TX   |    0 |     0 |       416 |  0.00 |
| BITSLICE_TX      |    0 |     0 |        64 |  0.00 |
| RIU_OR           |    0 |     0 |        32 |  0.00 |
| HS_ADC           |    0 |     0 |         4 |  0.00 |
| HS_DAC           |    0 |     0 |         4 |  0.00 |
+------------------+------+-------+-----------+-------+


6. CLOCK
--------

+----------------------+------+-------+-----------+-------+
|       Site Type      | Used | Fixed | Available | Util% |
+----------------------+------+-------+-----------+-------+
| GLOBAL CLOCK BUFFERs |    4 |     0 |       696 |  0.57 |
|   BUFGCE             |    3 |     0 |       216 |  1.39 |
|   BUFGCE_DIV         |    0 |     0 |        32 |  0.00 |
|   BUFG_GT            |    1 |     0 |       312 |  0.32 |
|   BUFG_PS            |    0 |     0 |        72 |  0.00 |
|   BUFGCTRL*          |    0 |     0 |        64 |  0.00 |
| PLL                  |    0 |     0 |        16 |  0.00 |
| MMCM                 |    1 |     0 |         8 | 12.50 |
+----------------------+------+-------+-----------+-------+
* Note: Each used BUFGCTRL counts as two GLOBAL CLOCK BUFFERs. This table does not include global clocking resources, only buffer cell usage. See the Clock Utilization Report (report_clock_utilization) for detailed accounting of global clocking resource availability.


7. ADVANCED
-----------

+-----------------+------+-------+-----------+--------+
|    Site Type    | Used | Fixed | Available |  Util% |
+-----------------+------+-------+-----------+--------+
| CMACE4          |    0 |     0 |         2 |   0.00 |
| FE              |    0 |     0 |         8 |   0.00 |
| GTYE4_CHANNEL   |    0 |     0 |        16 |   0.00 |
| GTYE4_COMMON    |    0 |     0 |         4 |   0.00 |
| HSADC           |    4 |     4 |         4 | 100.00 |
| HSDAC           |    2 |     2 |         4 |  50.00 |
| ILKNE4          |    0 |     0 |         1 |   0.00 |
| OBUFDS_GTE4     |    0 |     0 |         8 |   0.00 |
| OBUFDS_GTE4_ADV |    0 |     0 |         8 |   0.00 |
| PCIE40E4        |    0 |     0 |         2 |   0.00 |
| PS8             |    1 |     0 |         1 | 100.00 |
| SYSMONE4        |    0 |     0 |         1 |   0.00 |
+-----------------+------+-------+-----------+--------+


8. CONFIGURATION
----------------

+-------------+------+-------+-----------+-------+
|  Site Type  | Used | Fixed | Available | Util% |
+-------------+------+-------+-----------+-------+
| BSCANE2     |    1 |     0 |         4 | 25.00 |
| DNA_PORTE2  |    0 |     0 |         1 |  0.00 |
| EFUSE_USR   |    0 |     0 |         1 |  0.00 |
| FRAME_ECCE4 |    0 |     0 |         1 |  0.00 |
| ICAPE3      |    0 |     0 |         2 |  0.00 |
| MASTER_JTAG |    0 |     0 |         1 |  0.00 |
| STARTUPE3   |    0 |     0 |         1 |  0.00 |
+-------------+------+-------+-----------+-------+


9. Primitives
-------------

+--------------+------+---------------------+
|   Ref Name   | Used | Functional Category |
+--------------+------+---------------------+
| FDRE         | 7193 |            Register |
| LUT6         | 3814 |                 CLB |
| LUT5         | 1674 |                 CLB |
| LUT4         | 1351 |                 CLB |
| LUT3         | 1347 |                 CLB |
| LUT2         |  820 |                 CLB |
| FDCE         |  733 |            Register |
| SRL16E       |  580 |                 CLB |
| FDSE         |  307 |            Register |
| SRLC32E      |  296 |                 CLB |
| LUT1         |  158 |                 CLB |
| RAMD32       |  154 |                 CLB |
| CARRY8       |   99 |                 CLB |
| FDPE         |   92 |            Register |
| RAMB36E2     |   75 |           Block Ram |
| MUXF7        |   68 |                 CLB |
| FIFO36E2     |   33 |           Block Ram |
| RAMS32       |   22 |                 CLB |
| MUXF8        |   16 |                 CLB |
| HSADC        |    4 |            Advanced |
| BUFGCE       |    3 |               Clock |
| SRLC16E      |    2 |                 CLB |
| IBUFCTRL     |    2 |              Others |
| HSDAC        |    2 |            Advanced |
| PS8          |    1 |            Advanced |
| MMCME4_ADV   |    1 |               Clock |
| INBUF        |    1 |                 I/O |
| DIFFINBUF    |    1 |                 I/O |
| BUFG_GT_SYNC |    1 |               Clock |
| BUFG_GT      |    1 |               Clock |
| BSCANE2      |    1 |       Configuration |
+--------------+------+---------------------+


10. Black Boxes
---------------

+----------+------+
| Ref Name | Used |
+----------+------+


11. Instantiated Netlists
-------------------------

+--------------------------------------------------+------+
|                     Ref Name                     | Used |
+--------------------------------------------------+------+
| top_level_block_design_zynq_ultra_ps_e_0_3       |    1 |
| top_level_block_design_xbar_0                    |    1 |
| top_level_block_design_usp_rf_data_converter_0_0 |    1 |
| top_level_block_design_system_ila_1_0            |    1 |
| top_level_block_design_rst_ps8_0_99M_0           |    1 |
| top_level_block_design_pulse_gen_0_0             |    1 |
| top_level_block_design_proc_sys_reset_0_0        |    1 |
| top_level_block_design_instr_fifo_0              |    1 |
| top_level_block_design_gpio_to_fifo_0_0          |    1 |
| top_level_block_design_fifo_generator_0_0        |    1 |
| top_level_block_design_clk_wiz_0_0               |    1 |
| top_level_block_design_axi_gpio_0_0              |    1 |
| top_level_block_design_auto_pc_0                 |    1 |
| top_level_block_design_auto_ds_0                 |    1 |
| dbg_hub                                          |    1 |
+--------------------------------------------------+------+


